#
# There is insufficient memory for the Java Runtime Environment to continue.
# Native memory allocation (mmap) failed to map 98566144 bytes for G1 virtual space
# Possible reasons:
#   The system is out of physical RAM or swap space
#   The process is running with CompressedOops enabled, and the Java Heap may be blocking the growth of the native heap
# Possible solutions:
#   Reduce memory load on the system
#   Increase physical memory or swap space
#   Check if swap backing store is full
#   Decrease Java heap size (-Xmx/-Xms)
#   Decrease number of Java threads
#   Decrease Java thread stack sizes (-Xss)
#   Set larger code cache with -XX:ReservedCodeCacheSize=
#   JVM is running with Unscaled Compressed Oops mode in which the Java heap is
#     placed in the first 4GB address space. The Java Heap base address is the
#     maximum limit for the native heap growth. Please use -XX:HeapBaseMinAddress
#     to set the Java Heap base and to place the Java Heap above 4GB virtual address.
# This output file may be truncated or incomplete.
#
#  Out of Memory Error (os_windows.cpp:3548), pid=26980, tid=23540
#
# JRE version:  (17.0.12+8) (build )
# Java VM: Java HotSpot(TM) 64-Bit Server VM (17.0.12+8-LTS-286, mixed mode, emulated-client, sharing, tiered, compressed oops, compressed class ptrs, g1 gc, windows-amd64)
# No core dump will be written. Minidumps are not enabled by default on client versions of Windows
#

---------------  S U M M A R Y ------------

Command Line: -Dcom.sun.management.jmxremote -Dcom.sun.management.jmxremote.port=60726 -Dcom.sun.management.jmxremote.authenticate=false -Dcom.sun.management.jmxremote.ssl=false -Djava.rmi.server.hostname=localhost -Dspring.jmx.enabled=true -Dmanagement.endpoints.jmx.exposure.include=* -Dspring.application.admin.enabled=true -Dspring.output.ansi.enabled=always -XX:TieredStopAtLevel=1 -Dspring.boot.project.name=02_my_project_macy_UserService -Dfile.encoding=UTF-8 -Dstdout.encoding=UTF-8 -Dstderr.encoding=UTF-8 -XX:+ShowCodeDetailsInExceptionMessages com.deepak.UserService.MyProjectMacyApplication

Host: AMD Ryzen 3 5300U with Radeon Graphics         , 8 cores, 5G,  Windows 11 , 64 bit Build 26100 (10.0.26100.8737)
Time: Mon Jul 13 12:16:15 2026 India Standard Time elapsed time: 2.055239 seconds (0d 0h 0m 2s)

---------------  T H R E A D  ---------------

Current thread (0x000002604030cd10):  JavaThread "Unknown thread" [_thread_in_vm, id=23540, stack(0x000000a9dc300000,0x000000a9dc400000)]

Stack: [0x000000a9dc300000,0x000000a9dc400000]
Native frames: (J=compiled Java code, j=interpreted, Vv=VM code, C=native code)
V  [jvm.dll+0x67a04a]
V  [jvm.dll+0x7da4ed]
V  [jvm.dll+0x7dbe33]
V  [jvm.dll+0x7dc4a3]
V  [jvm.dll+0x24508f]
V  [jvm.dll+0x677089]
V  [jvm.dll+0x66bd32]
V  [jvm.dll+0x301fa6]
V  [jvm.dll+0x309546]
V  [jvm.dll+0x359d2e]
V  [jvm.dll+0x359f5f]
V  [jvm.dll+0x2d9078]
V  [jvm.dll+0x2d9fe4]
V  [jvm.dll+0x7aca21]
V  [jvm.dll+0x367591]
V  [jvm.dll+0x78b999]
V  [jvm.dll+0x3ec83f]
V  [jvm.dll+0x3ee471]
C  [jli.dll+0x5297]
C  [ucrtbase.dll+0x2cd30]
C  [KERNEL32.DLL+0x2e957]
C  [ntdll.dll+0xaad6c]


---------------  P R O C E S S  ---------------

Threads class SMR info:
_java_thread_list=0x00007ff93ed37a18, length=0, elements={
}

Java Threads: ( => current thread )

Other Threads:
  0x00000260403585a0 GCTaskThread "GC Thread#0" [stack: 0x000000a9dc400000,0x000000a9dc500000] [id=18188]
  0x00000260403663b0 ConcurrentGCThread "G1 Main Marker" [stack: 0x000000a9dc500000,0x000000a9dc600000] [id=37852]
  0x0000026040366cd0 ConcurrentGCThread "G1 Conc#0" [stack: 0x000000a9dc600000,0x000000a9dc700000] [id=8984]

[error occurred during error reporting (printing all threads), id 0xc0000005, EXCEPTION_ACCESS_VIOLATION (0xc0000005) at pc=0x00007ff93e569b67]

VM state: not at safepoint (not fully initialized)

VM Mutex/Monitor currently owned by a thread:  ([mutex/lock_event])
[0x0000026040309a00] Heap_lock - owner thread: 0x000002604030cd10

Heap address: 0x00000000a2600000, size: 1498 MB, Compressed Oops mode: 32-bit

CDS archive(s) mapped at: [0x0000000000000000-0x0000000000000000-0x0000000000000000), size 0, SharedBaseAddress: 0x0000000800000000, ArchiveRelocationMode: 1.
Narrow klass base: 0x0000000000000000, Narrow klass shift: 0, Narrow klass range: 0x0

GC Precious Log:
<Empty>

Heap:
 garbage-first heap   total 0K, used 0K [0x00000000a2600000, 0x0000000100000000)
  region size 1024K, 0 young (0K), 0 survivors (0K)

[error occurred during error reporting (printing heap information), id 0xc0000005, EXCEPTION_ACCESS_VIOLATION (0xc0000005) at pc=0x00007ff93e953859]

GC Heap History (0 events):
No events

Deoptimization events (0 events):
No events

Classes unloaded (0 events):
No events

Classes redefined (0 events):
No events

Internal exceptions (0 events):
No events

VM Operations (0 events):
No events

Events (1 events):
Event: 0.022 Loaded shared library C:\Program Files\Java\jdk-17\bin\java.dll


Dynamic libraries:
0x00007ff7fe9e0000 - 0x00007ff7fe9f0000 	C:\Program Files\Java\jdk-17\bin\javaw.exe
0x00007ff9e52c0000 - 0x00007ff9e5526000 	C:\WINDOWS\SYSTEM32\ntdll.dll
0x00007ff9e3470000 - 0x00007ff9e3539000 	C:\WINDOWS\System32\KERNEL32.DLL
0x00007ff9e2a80000 - 0x00007ff9e2e80000 	C:\WINDOWS\System32\KERNELBASE.dll
0x00007ff9e2e90000 - 0x00007ff9e2fdc000 	C:\WINDOWS\System32\ucrtbase.dll
0x00007ff9d00e0000 - 0x00007ff9d00fb000 	C:\Program Files\Java\jdk-17\bin\VCRUNTIME140.dll
0x00007ff9d6a50000 - 0x00007ff9d6a69000 	C:\Program Files\Java\jdk-17\bin\jli.dll
0x00007ff9e4110000 - 0x00007ff9e41c7000 	C:\WINDOWS\System32\ADVAPI32.dll
0x00007ff9e4e30000 - 0x00007ff9e4ed9000 	C:\WINDOWS\System32\msvcrt.dll
0x00007ff9e5000000 - 0x00007ff9e50aa000 	C:\WINDOWS\System32\sechost.dll
0x00007ff9e4510000 - 0x00007ff9e4628000 	C:\WINDOWS\System32\RPCRT4.dll
0x00007ff9e50b0000 - 0x00007ff9e5277000 	C:\WINDOWS\System32\USER32.dll
0x00007ff9e2840000 - 0x00007ff9e2867000 	C:\WINDOWS\System32\win32u.dll
0x00007ff9e4920000 - 0x00007ff9e494b000 	C:\WINDOWS\System32\GDI32.dll
0x00007ff9cea80000 - 0x00007ff9ced12000 	C:\WINDOWS\WinSxS\amd64_microsoft.windows.common-controls_6595b64144ccf1df_6.0.26100.8737_none_3e092eaee333b772\COMCTL32.dll
0x00007ff9e24e0000 - 0x00007ff9e2609000 	C:\WINDOWS\System32\gdi32full.dll
0x00007ff9e2610000 - 0x00007ff9e26b3000 	C:\WINDOWS\System32\msvcp_win.dll
0x00007ff9db0d0000 - 0x00007ff9db0db000 	C:\WINDOWS\SYSTEM32\VERSION.dll
0x00007ff9e48d0000 - 0x00007ff9e4902000 	C:\WINDOWS\System32\IMM32.DLL
0x00007ff9d00b0000 - 0x00007ff9d00bc000 	C:\Program Files\Java\jdk-17\bin\vcruntime140_1.dll
0x00007ff9c8cc0000 - 0x00007ff9c8d4e000 	C:\Program Files\Java\jdk-17\bin\msvcp140.dll
0x00007ff93e280000 - 0x00007ff93ee60000 	C:\Program Files\Java\jdk-17\bin\server\jvm.dll
0x00007ff9e33a0000 - 0x00007ff9e33a8000 	C:\WINDOWS\System32\PSAPI.DLL
0x00007ff9dd1a0000 - 0x00007ff9dd1aa000 	C:\WINDOWS\SYSTEM32\WSOCK32.dll
0x00007ff9db090000 - 0x00007ff9db0c6000 	C:\WINDOWS\SYSTEM32\WINMM.dll
0x00007ff9e33e0000 - 0x00007ff9e3460000 	C:\WINDOWS\System32\WS2_32.dll
0x00007ff9e11c0000 - 0x00007ff9e11db000 	C:\WINDOWS\SYSTEM32\kernel.appcore.dll
0x00007ff9cfe70000 - 0x00007ff9cfe7a000 	C:\Program Files\Java\jdk-17\bin\jimage.dll
0x00007ff9dfcf0000 - 0x00007ff9dff32000 	C:\WINDOWS\SYSTEM32\DBGHELP.DLL
0x00007ff9e2ff0000 - 0x00007ff9e3373000 	C:\WINDOWS\System32\combase.dll
0x00007ff9e4430000 - 0x00007ff9e4509000 	C:\WINDOWS\System32\OLEAUT32.dll
0x00007ff9cc1e0000 - 0x00007ff9cc21b000 	C:\WINDOWS\SYSTEM32\dbgcore.DLL
0x00007ff9e26c0000 - 0x00007ff9e276c000 	C:\WINDOWS\System32\bcryptPrimitives.dll
0x00007ff9ca7f0000 - 0x00007ff9ca815000 	C:\Program Files\Java\jdk-17\bin\java.dll

dbghelp: loaded successfully - version: 4.0.5 - missing functions: none
symbol engine: initialized successfully - sym options: 0x614 - pdb path: .;C:\Program Files\Java\jdk-17\bin;C:\WINDOWS\SYSTEM32;C:\WINDOWS\WinSxS\amd64_microsoft.windows.common-controls_6595b64144ccf1df_6.0.26100.8737_none_3e092eaee333b772;C:\Program Files\Java\jdk-17\bin\server

VM Arguments:
jvm_args: -Dcom.sun.management.jmxremote -Dcom.sun.management.jmxremote.port=60726 -Dcom.sun.management.jmxremote.authenticate=false -Dcom.sun.management.jmxremote.ssl=false -Djava.rmi.server.hostname=localhost -Dspring.jmx.enabled=true -Dmanagement.endpoints.jmx.exposure.include=* -Dspring.application.admin.enabled=true -Dspring.output.ansi.enabled=always -XX:TieredStopAtLevel=1 -Dspring.boot.project.name=02_my_project_macy_UserService -Dfile.encoding=UTF-8 -Dstdout.encoding=UTF-8 -Dstderr.encoding=UTF-8 -XX:+ShowCodeDetailsInExceptionMessages 
java_command: com.deepak.UserService.MyProjectMacyApplication
java_class_path (initial): E:\Macy'S_Project\02_my_project_macy_UserService\target\classes;C:\Users\Lenovo\.m2\repository\org\springframework\boot\spring-boot-starter-web\3.5.6\spring-boot-starter-web-3.5.6.jar;C:\Users\Lenovo\.m2\repository\org\springframework\boot\spring-boot-starter\3.5.6\spring-boot-starter-3.5.6.jar;C:\Users\Lenovo\.m2\repository\org\springframework\boot\spring-boot-starter-logging\3.5.6\spring-boot-starter-logging-3.5.6.jar;C:\Users\Lenovo\.m2\repository\ch\qos\logback\logback-classic\1.5.18\logback-classic-1.5.18.jar;C:\Users\Lenovo\.m2\repository\ch\qos\logback\logback-core\1.5.18\logback-core-1.5.18.jar;C:\Users\Lenovo\.m2\repository\org\apache\logging\log4j\log4j-to-slf4j\2.24.3\log4j-to-slf4j-2.24.3.jar;C:\Users\Lenovo\.m2\repository\org\apache\logging\log4j\log4j-api\2.24.3\log4j-api-2.24.3.jar;C:\Users\Lenovo\.m2\repository\org\slf4j\jul-to-slf4j\2.0.17\jul-to-slf4j-2.0.17.jar;C:\Users\Lenovo\.m2\repository\jakarta\annotation\jakarta.annotation-api\2.1.1\jakarta.annotation-api-2.1.1.jar;C:\Users\Lenovo\.m2\repository\org\yaml\snakeyaml\2.4\snakeyaml-2.4.jar;C:\Users\Lenovo\.m2\repository\org\springframework\boot\spring-boot-starter-json\3.5.6\spring-boot-starter-json-3.5.6.jar;C:\Users\Lenovo\.m2\repository\com\fasterxml\jackson\core\jackson-databind\2.19.2\jackson-databind-2.19.2.jar;C:\Users\Lenovo\.m2\repository\com\fasterxml\jackson\core\jackson-annotations\2.19.2\jackson-annotations-2.19.2.jar;C:\Users\Lenovo\.m2\repository\com\fasterxml\jackson\core\jackson-core\2.19.2\jackson-core-2.19.2.jar;C:\Users\Lenovo\.m2\repository\com\fasterxml\jackson\datatype\jackson-datatype-jdk8\2.19.2\jackson-datatype-jdk8-2.19.2.jar;C:\Users\Lenovo\.m2\repository\com\fasterxml\jackson\datatype\jackson-datatype-jsr310\2.19.2\jackson-datatype-jsr310-2.19.2.jar;C:\Users\Lenovo\.m2\repository\com\fasterxml\jackson\module\jackson-module-parameter-names\2.19.2\jackson-module-parameter-names-2.19.2.jar;C:\Users\Lenovo\.m2\repository\org\springframework\b
Launcher Type: SUN_STANDARD

[Global flags]
     intx CICompilerCount                          = 4                                         {product} {ergonomic}
     uint ConcGCThreads                            = 2                                         {product} {ergonomic}
     uint G1ConcRefinementThreads                  = 8                                         {product} {ergonomic}
   size_t G1HeapRegionSize                         = 1048576                                   {product} {ergonomic}
    uintx GCDrainStackTargetSize                   = 64                                        {product} {ergonomic}
   size_t InitialHeapSize                          = 98566144                                  {product} {ergonomic}
     bool ManagementServer                         = true                                      {product} {command line}
   size_t MarkStackSize                            = 4194304                                   {product} {ergonomic}
   size_t MaxHeapSize                              = 1570766848                                {product} {ergonomic}
   size_t MinHeapDeltaBytes                        = 1048576                                   {product} {ergonomic}
   size_t MinHeapSize                              = 8388608                                   {product} {ergonomic}
    uintx NonProfiledCodeHeapSize                  = 0                                      {pd product} {ergonomic}
     bool ProfileInterpreter                       = false                                  {pd product} {command line}
    uintx ProfiledCodeHeapSize                     = 0                                      {pd product} {ergonomic}
     bool ShowCodeDetailsInExceptionMessages       = true                                   {manageable} {command line}
   size_t SoftMaxHeapSize                          = 1570766848                             {manageable} {ergonomic}
     intx TieredStopAtLevel                        = 1                                         {product} {command line}
     bool UseCompressedClassPointers               = true                           {product lp64_product} {ergonomic}
     bool UseCompressedOops                        = true                           {product lp64_product} {ergonomic}
     bool UseG1GC                                  = true                                      {product} {ergonomic}
     bool UseLargePagesIndividualAllocation        = false                                  {pd product} {ergonomic}

Logging:
Log output configuration:
 #0: stdout all=warning uptime,level,tags
 #1: stderr all=off uptime,level,tags

Environment Variables:
JAVA_HOME=C:\Program Files\Java\jdk-17
PATH=E:/STS RELEASE5.1 app/sts-5.0.1.RELEASE//plugins/org.eclipse.justj.openjdk.hotspot.jre.full.win32.x86_64_25.0.1.v20251108-1451/jre/bin/server;E:/STS RELEASE5.1 app/sts-5.0.1.RELEASE//plugins/org.eclipse.justj.openjdk.hotspot.jre.full.win32.x86_64_25.0.1.v20251108-1451/jre/bin;C:\Windows\System32;C:\Windows;C:\Windows\System32\wbem;C:\Program Files\Java\jdk-17\bin;C:\Windows\SysWOW64\wbem;C:\kafka\kafka_2.13-3.6.0\bin\windows;C:\zookeeper\bin;C:\apache-maven-3.9.16\bin;C:\Program Files\Docker\Docker\resources\bin;C:\Windows\System32\WindowsPowerShell\v1.0\;C:\Program Files\MySQL\MySQL Shell 8.0\bin\;C:\Program Files (x86)\Java\jdk1.8.0_144\bin;C:\Users\Lenovo\AppData\Local\Programs\Microsoft VS Code\bin;C:\Users\Lenovo\AppData\Local\Microsoft\WindowsApps;C:\Users\Lenovo\AppData\Roaming\npm;E:\STS RELEASE5.1 app\sts-5.0.1.RELEASE;
USERNAME=deepak
OS=Windows_NT
PROCESSOR_IDENTIFIER=AMD64 Family 23 Model 104 Stepping 1, AuthenticAMD



---------------  S Y S T E M  ---------------

OS:
 Windows 11 , 64 bit Build 26100 (10.0.26100.8737)
OS uptime: 16 days 2:21 hours
Hyper-V role detected

CPU: total 8 (initial active 8) (8 cores per cpu, 2 threads per core) family 23 model 104 stepping 1 microcode 0x8608103, cx8, cmov, fxsr, ht, mmx, 3dnowpref, sse, sse2, sse3, ssse3, sse4a, sse4.1, sse4.2, popcnt, lzcnt, tsc, tscinvbit, avx, avx2, aes, clmul, bmi1, bmi2, adx, sha, fma, vzeroupper, clflush, clflushopt, hv

Memory: 4k page, system-wide physical 5989M (548M free)
TotalPageFile size 24421M (AvailPageFile size 91M)
current process WorkingSet (physical memory assigned to process): 12M, peak: 12M
current process commit charge ("private bytes"): 55M, peak: 149M

vm_info: Java HotSpot(TM) 64-Bit Server VM (17.0.12+8-LTS-286) for windows-amd64 JRE (17.0.12+8-LTS-286), built on Jun  5 2024 06:46:59 by "mach5one" with MS VC++ 17.6 (VS2022)

END.
